app/admin/AdminDashboard.tsx(66,13): error TS2367: This comparison appears to be unintentional because the types 'Role' and '"admin"' have no overlap.
app/admin/AdminDashboard.tsx(266,80): error TS2339: Property 'created_at' does not exist on type 'User'.
app/admin/AdminDashboard.tsx(336,133): error TS2339: Property 'status' does not exist on type 'User'.
app/admin/AdminDashboard.tsx(337,76): error TS2339: Property 'status' does not exist on type 'User'.
app/admin/AdminDashboard.tsx(339,77): error TS2339: Property 'status' does not exist on type 'User'.
app/messages/page.tsx(46,42): error TS2367: This comparison appears to be unintentional because the types 'string' and 'number | null' have no overlap.
app/messages/page.tsx(50,43): error TS2367: This comparison appears to be unintentional because the types 'string' and 'number' have no overlap.
app/messages/page.tsx(51,45): error TS2367: This comparison appears to be unintentional because the types 'string' and 'number' have no overlap.
app/messages/page.tsx(58,27): error TS2345: Argument of type 'number' is not assignable to parameter of type 'string'.
app/messages/page.tsx(87,66): error TS2345: Argument of type 'string' is not assignable to parameter of type 'SetStateAction<number | null>'.
app/messages/page.tsx(88,108): error TS2367: This comparison appears to be unintentional because the types 'number | null' and 'string' have no overlap.
app/messages/page.tsx(98,75): error TS2367: This comparison appears to be unintentional because the types 'number | null' and 'string' have no overlap.
app/messages/page.tsx(206,33): error TS2322: Type 'string' is not assignable to type 'number'.
app/wallet/page.tsx(76,101): error TS2339: Property 'pendingBalance' does not exist on type 'User'.
